Microchip MPLAB XC8 Compiler V1.37 ()

Linker command line:

-W-3 --edf=C:\Program Files (x86)\Microchip\xc8\v1.37\dat\en_msgs.txt -cs \
  -h+dist/default/production\XmasLights.X.production.sym \
  --cmf=dist/default/production\XmasLights.X.production.cmf -z -Q16F676 \
  -oC:\Users\Dave\AppData\Local\Temp\s9s8.2 \
  -Mdist/default/production/XmasLights.X.production.map -E1 -ver=XC8 \
  -ASTACK=02Bh-05dh -pstack=STACK -ACODE=00h-03FEh -ASTRCODE=00h-03FEh \
  -ASTRING=00h-0FFhx3,0300h-03FEh -ACONST=00h-0FFhx3,0300h-03FEh \
  -AENTRY=00h-0FFhx3,0300h-03FEh -ABANK0=020h-05Dh -ARAM=020h-05Dh \
  -AABS1=020h-05Fh -ACOMMON=05Eh-05Fh -ASFR0=00h-01Fh -ASFR1=080h-0DDh \
  -preset_vec=00h,intentry,init,end_init -ppowerup=CODE -pcinit=CODE \
  -pfunctab=CODE -ACONFIG=02007h-02007h -pconfig=CONFIG -DCONFIG=2 \
  -AIDLOC=02000h-02003h -pidloc=IDLOC -DIDLOC=2 -AEEDATA=00h-07Fh/02100h \
  -peeprom_data=EEDATA -DEEDATA=2 -posccal=03FFh -DCODE=2 -DSTRCODE=2 \
  -DSTRING=2 -DCONST=2 -DENTRY=2 -k \
  C:\Users\Dave\AppData\Local\Temp\s9s8.obj \
  dist/default/production\XmasLights.X.production.obj 

Object code version is 3.11

Machine type is 16F676



                Name                               Link     Load   Length Selector   Space Scale
C:\Users\Dave\AppData\Local\Temp\s9s8.obj
                end_init                              0        0        1        0       0
                config                             2007     2007        1     400E       0
dist/default/production\XmasLights.X.production.obj
                cinit                               3FD      3FD        2      7FA       0
                text1                               34D      34D       15      69A       0
                maintext                            362      362       9B      6C4       0
                cstackBANK0                          20       20        B       20       1

TOTAL           Name                               Link     Load   Length     Space
        CLASS   STACK          

        CLASS   CODE           
                end_init                              0        0        1         0
                cinit                               3FD      3FD        2         0
                text1                               34D      34D       15         0
                maintext                            362      362       9B         0

        CLASS   STRCODE        

        CLASS   STRING         

        CLASS   CONST          

        CLASS   ENTRY          

        CLASS   BANK0          
                cstackBANK0                          20       20        B         1

        CLASS   RAM            

        CLASS   ABS1           
                abs_s1                               5E       5E        2         1

        CLASS   COMMON         

        CLASS   SFR0           

        CLASS   SFR1           

        CLASS   CONFIG         
                config                             2007     2007        1         0

        CLASS   IDLOC          

        CLASS   EEDATA         

        CLASS   BANK1          



SEGMENTS        Name                           Load    Length   Top    Selector   Space  Class     Delta

                reset_vec                      000000  000001  000001         0       0  CODE        2
                cstackBANK0                    000020  00000B  00002B        20       1  BANK0       1
                text1                          00034D  000015  000362       69A       0  CODE        2
                maintext                       000362  00009B  0003FD       6C4       0  CODE        2
                cinit                          0003FD  000002  0003FF       7FA       0  CODE        2
                config                         002007  000001  002008      400E       0  CONFIG      2


UNUSED ADDRESS RANGES

        Name                Unused          Largest block    Delta
        BANK0            002B-005D             33           1
        CODE             0001-034C            34C           2
        CONST            0001-034C            100           2
        EEDATA           2100-217F             80           2
        ENTRY            0001-034C            100           2
        IDLOC            2000-2003              4           2
        RAM              002B-005D             33           1
        SFR0             0000-001F             20           1
        SFR1             0080-00DD             5E           1
        STACK            002B-005D             33           1
        STRCODE          0001-034C            34C           2
        STRING           0001-034C            100           2

                                  Symbol Table

_ANSEL                   (abs)       0091
_OSCCAL                  (abs)       0090
_PORTC                   (abs)       0007
_RA2                     (abs)       002A
_TRISA                   (abs)       0085
_TRISC                   (abs)       0087
__CFG_BOREN$ON           (abs)       0000
__CFG_CP$OFF             (abs)       0000
__CFG_CPD$OFF            (abs)       0000
__CFG_FOSC$INTRCIO       (abs)       0000
__CFG_MCLRE$ON           (abs)       0000
__CFG_PWRTE$ON           (abs)       0000
__CFG_WDTE$OFF           (abs)       0000
__Habs1                  abs1        07FE
__Hbank0                 bank0       07FE
__Hbank1                 bank1       07FE
__Hcinit                 cinit       03FF
__Hclrtext               clrtext     07FE
__Hcode                  code        07FE
__Hcommon                common      07FE
__Hconfig                config      2008
__HcstackBANK0           cstackBANK0 07FE
__Heeprom_data           eeprom_data 0000
__Hend_init              end_init    0001
__Hfunctab               functab     0000
__Hidloc                 idloc       0000
__Hinit                  init        0000
__Hintentry              intentry    0000
__Hmaintext              maintext    07FE
__Hosccal                osccal      03FF
__Hpowerup               powerup     0000
__Hram                   ram         07FE
__Hreset_vec             reset_vec   0000
__Hsfr0                  sfr0        07FE
__Hsfr1                  sfr1        07FE
__Hspace_0               (abs)       2008
__Hspace_1               (abs)       07FE
__Hspace_2               (abs)       0000
__Hspace_3               (abs)       0000
__Hstack                 stack       0000
__Hstrings               strings     07FE
__Htext                  text        07FE
__Labs1                  abs1        07FE
__Lbank0                 bank0       07FE
__Lbank1                 bank1       07FE
__Lcinit                 cinit       03FD
__Lclrtext               clrtext     07FE
__Lcode                  code        07FE
__Lcommon                common      07FE
__Lconfig                config      2007
__LcstackBANK0           cstackBANK0 07FE
__Leeprom_data           eeprom_data 0000
__Lend_init              end_init    0000
__Lfunctab               functab     0000
__Lidloc                 idloc       0000
__Linit                  init        0000
__Lintentry              intentry    0000
__Lmaintext              maintext    07FE
__Losccal                osccal      03FF
__Lpowerup               powerup     0000
__Lram                   ram         07FE
__Lreset_vec             reset_vec   0000
__Lsfr0                  sfr0        07FE
__Lsfr1                  sfr1        07FE
__Lspace_0               (abs)       0000
__Lspace_1               (abs)       0000
__Lspace_2               (abs)       0000
__Lspace_3               (abs)       0000
__Lstack                 stack       0000
__Lstrings               strings     07FE
__Ltext                  text        07FE
__S0                     (abs)       2008
__S1                     (abs)       002B
__S2                     (abs)       0000
__S3                     (abs)       0000
___int_sp                stack       0000
___latbits               (abs)       0000
___osccal_val            osccal      03FF
___sp                    stack       0000
__end_of__initialization cinit       03FD
__end_of_cdelay          text1       0362
__end_of_main            maintext    03FD
__initialization         cinit       03FD
__pcstackBANK0           cstackBANK0 0020
__pmaintext              maintext    0362
__ptext1                 text1       034D
__size_of_cdelay         (abs)       0000
__size_of_main           (abs)       0000
_cdelay                  text1       034D
_main                    maintext    0362
btemp                    (abs)       005E
cdelay@count             cstackBANK0 0020
end_of_initialization    cinit       03FD
intlevel0                functab     0000
intlevel1                functab     0000
intlevel2                functab     0000
intlevel3                functab     0000
intlevel4                functab     0000
intlevel5                functab     0000
ltemp                    (abs)       005E
ltemp0                   (abs)       005E
ltemp1                   (abs)       0062
ltemp2                   (abs)       0066
ltemp3                   (abs)       0060
main@delay               cstackBANK0 0029
main@direction           cstackBANK0 0025
main@mode                cstackBANK0 0027
reset_vec                reset_vec   0000
stackhi                  (abs)       0000
stacklo                  (abs)       0000
start                    init        0000
start_initialization     cinit       03FD
ttemp                    (abs)       005E
ttemp0                   (abs)       005E
ttemp1                   (abs)       0061
ttemp2                   (abs)       0064
ttemp3                   (abs)       0067
ttemp4                   (abs)       005F
wtemp                    (abs)       005E
wtemp0                   (abs)       005E
wtemp1                   (abs)       0060
wtemp2                   (abs)       0062
wtemp3                   (abs)       0064
wtemp4                   (abs)       0066
wtemp5                   (abs)       0068
wtemp6                   (abs)       005F


FUNCTION INFORMATION:

 *************** function _main *****************
 Defined at:
		line 20 in file "main.c"
 Parameters:    Size  Location     Type
		None
 Auto vars:     Size  Location     Type
  delay           2    9[BANK0 ] int 
  mode            2    7[BANK0 ] int 
  direction       2    5[BANK0 ] int 
 Return value:  Size  Location     Type
                  1    wreg      void 
 Registers used:
		wreg, status,2, status,0, btemp+1, pclath, cstack
 Tracked objects:
		On entry : 
		On exit  : 
		Unchanged: 
 Data sizes:     COMMON   BANK0
      Params:         0       0
      Locals:         0       6
      Temps:          0       2
      Totals:         0       8
Total ram usage:        8 bytes
 Hardware stack levels required when called:    1
 This function calls:
		_cdelay
 This function is called by:
		Startup code after reset
 This function uses a non-reentrant model


 *************** function _cdelay *****************
 Defined at:
		line 74 in file "main.c"
 Parameters:    Size  Location     Type
  count           2    0[BANK0 ] int 
 Auto vars:     Size  Location     Type
		None
 Return value:  Size  Location     Type
                  1    wreg      void 
 Registers used:
		wreg, status,2, status,0
 Tracked objects:
		On entry : 
		On exit  : 
		Unchanged: 
 Data sizes:     COMMON   BANK0
      Params:         0       2
      Locals:         0       0
      Temps:          0       1
      Totals:         0       3
Total ram usage:        3 bytes
 Hardware stack levels used:    1
 This function calls:
		Nothing
 This function is called by:
		_main
 This function uses a non-reentrant model



MODULE INFORMATION

Module		Function		Class		Link	Load	Size
shared
		__initialization		CODE           	03FD	0000	1

shared estimated size: 1

main.c
		_cdelay        		CODE           	034D	0000	22
		_main          		CODE           	0362	0000	156

main.c estimated size: 178

